// Jest Snapshot v1, https://goo.gl/fbAQLP

exports[`<Layout /> should render the contents of the layout component 1`] = `
<div
  className="sc-bdVaJa gWRKSQ"
>
  Main Layout
</div>
`;
