// Jest Snapshot v1, https://goo.gl/fbAQLP

exports[`<Layout /> should render the contents of the layout component 1`] = `
<div>
  Dec 31st, 1969
   
  04:00:00
   
  Wednesday
   
</div>
`;
