// Jest Snapshot v1, https://goo.gl/fbAQLP

exports[`refresher should render the wrapped component 1`] = `
<div>
  <h1>
    Counter
  </h1>
  <p>
    This is the current count: 
    9000
    .
  </p>
</div>
`;
